{
  '(test14.js:6:1:6:7)': [
    '(test14.js:2:16:4:2)'
  ]
}