{
  '(test2.js:7:1:7:9)': [
    '(test2.js:1:1:3:2)'
  ],
  '(test2.js:2:10:2:15)': [
    '(test2.js:4:1:6:2)'
  ]
}