{ '(test31.js:1:1:11:3)':
   [ '(test31.js:1:2:4:2)' ],
  '(test31.js:3:3:3:14)':
   [ '(test31.js:5:3:7:4)' ] }