{ '(test55.js:1:1:11:5)':
   [ '(test55.js:1:2:11:2)' ],
  '(test55.js:9:3:9:9)':
   [ '(test55.js:4:3:6:4)' ],
  '(test55.js:10:3:10:9)':
   [ '(test55.js:4:3:6:4)' ] }