{ '(test34.js:1:1:12:3)':
   [ '(test34.js:1:2:5:2)' ],
  '(test34.js:2:3:4:7)':
   [ '(test34.js:2:4:4:4)' ],
  '(test34.js:3:5:3:13)':
   [ '(test34.js:6:3:8:4)' ] }