{ '(test27.js:4:1:4:61)': [ 'call (Native)' ],
  'call (Native)':
   [ '(test27.js:1:1:3:2)' ] }