{ '(test95.js:1:1:17:5)':
   [ '(test95.js:1:2:17:2)' ],
  '(test95.js:16:3:16:16)':
   [ '(test95.js:3:10:6:6)' ],
  '(test95.js:4:7:4:10)':
   [ '(test95.js:7:10:9:6)' ] }