{ '(test93.js:12:9:12:28)':
   [ '(test93.js:1:25:11:2)' ],
  '(test93.js:13:1:13:14)':
   [ '(test93.js:7:16:9:6)' ] }