{ '(test85.js:19:14:19:42)': [ 'Proxy (Native)' ],
  'system (Native)':
   [ '(test85.js:8:8:17:4)' ],
  '(test85.js:20:1:20:17)':
   [ '(test85.js:13:14:15:8)' ],
  '(test85.js:14:16:14:37)': [ 'apply (Native)' ],
  'apply (Native)':
   [ '(test85.js:3:12:5:4)' ],
  'method1 (Native)':
   [ '(test85.js:8:8:17:4)' ] }