{ '(test15.js:16:5:16:8)':
   [ '(test15.js:5:1:7:2)' ] }