{ '(test49.js:1:1:19:5)':
   [ '(test49.js:1:2:19:2)' ],
  '(test49.js:17:9:17:26)':
   [ '(test49.js:10:1:12:2)' ] }