{ '(test86.js:10:24:14:3)': [ 'Proxy (Native)' ],
  '(test86.js:15:1:15:23)': [ 'anon (Native)' ],
  'anon (Native)':
   [ '(test86.js:11:10:13:4)' ],
  '(test86.js:12:12:12:24)':
   [ '(test86.js:6:19:8:2)' ],
  '(test86.js:12:12:12:38)': [ 'toUpperCase (Native)' ] }