{ '(test61.js:13:1:13:6)':
   [ '(test61.js:8:1:12:2)' ],
  '(test61.js:10:9:10:16)':
   [ '(test61.js:4:1:6:2)' ] }