{ '(test70.js:1:1:17:3)':
   [ '(test70.js:1:2:8:2)' ],
  '(test70.js:7:3:7:21)':
   [ '(test70.js:13:14:15:6)' ] }