{
  '(test7.js:8:19:8:27)': [ '(test7.js:2:1:4:2)' ],
  '(test7.js:3:10:3:15)': [ '(test7.js:5:1:7:2)' ]
}