{ '(test23.js:10:12:10:37)':
   [ '(test23.js:1:1:4:2)' ],
  '(test23.js:11:1:11:12)':
   [ '(test23.js:6:25:8:2)' ] }