{ '(/home/renzo/research/dynamic_call_graph_id/examples/test1.js:9:1:9:10)':
   [ '(/home/renzo/research/dynamic_call_graph_id/examples/test1.js:1:1:3:2)' ],
  '(/home/renzo/research/dynamic_call_graph_id/examples/test1.js:2:3:2:6)':
   [ '(/home/renzo/research/dynamic_call_graph_id/examples/test1.js:4:1:6:2)' ] }