{ '(test57.js:1:1:10:5)':
   [ '(test57.js:1:2:10:2)' ],
  '(test57.js:8:11:8:38)': [ 'apply (Native)' ],
  'apply (Native)':
   [ '(test57.js:2:17:4:4)' ],
  '(test57.js:9:3:9:6)':
   [ '(test57.js:5:14:7:4)' ] }