{ '(test39.js:15:3:15:31)': [ 'push (Native)' ],
  '(test39.js:17:1:17:21)':
   [ '(test39.js:10:3:12:4)' ] }