{ '(test82.js:1:1:17:5)':
   [ '(test82.js:1:2:17:2)' ],
  '(test82.js:16:3:16:19)':
   [ '(test82.js:4:22:8:6)' ] }