{
  '(test88.js:14:16:14:29)': [
    '(test88.js:1:1:3:2)'
  ],
  '(test88.js:15:14:15:43)': [ 'Proxy (Native)' ],
  'system (Native)': [
    '(test88.js:6:8:12:4)'
  ],
  '(test88.js:8:7:8:63)': [ 'log (Native)' ]
}