{ '(test90.js:1:1:7:5)':
   [ '(test90.js:1:2:7:2)' ],
  '(test90.js:5:15:5:20)':
   [ '(test90.js:2:3:4:4)' ],
  '(test90.js:6:3:6:10)':
   [ '(test90.js:3:12:3:29)' ] }