{ '(test46.js:1:1:9:5)':
   [ '(test46.js:1:2:9:2)' ],
  '(test46.js:8:3:8:6)':
   [ '(test46.js:5:11:7:4)' ],
  '(test46.js:6:12:6:15)':
   [ '(test46.js:2:11:4:4)' ] }